// 重构日志: 3f4cf6b9
// 重构日志: 9746e529
// 重构日志: b1c35b1e
// 同步 ID: f3e8b8e5 @ Sun Jul 26 14:21:13 UTC 2026
// 同步 ID: 7a91d525 @ Sun Jul 26 19:00:50 UTC 2026
// 重构日志: c41906bd
// 同步 ID: 7fbf06e8 @ Mon Jul 27 17:55:32 UTC 2026
// 同步 ID: 4c4f7e6e @ Tue Jul 28 17:19:50 UTC 2026
// 重构日志: 0a9744be
// 同步 ID: 98051a52 @ Fri Jul 31 08:33:32 UTC 2026
// 重构日志: 938cb653
// 同步 ID: 9fde0598 @ Sat Aug  1 17:26:57 UTC 2026
// 重构日志: 2738957d
// 重构日志: e3572300
// 重构日志: c3047adb
// 重构日志: 69c0bcc3
// 同步 ID: b37d0340 @ Sun Aug  2 16:43:46 UTC 2026
// 同步 ID: cea78575 @ Mon Aug  3 01:20:50 UTC 2026
// 同步 ID: 0b067864 @ Mon Aug  3 09:38:02 UTC 2026
// 重构日志: 92357605
// 重构日志: 1e9a174b
// 同步 ID: 4a95a8f5 @ Tue Aug  4 00:13:31 UTC 2026
// 重构日志: 7b8c5f11
// 重构日志: e7ab6a39
// 重构日志: 88f40f9e
// 重构日志: 6517e008
// 重构日志: 4bab5470
// 重构日志: cd02beb2
// 重构日志: 7184ef68
// 同步 ID: 770446e0 @ Fri Aug  7 18:24:29 UTC 2026
